2025-04-04 18:46:00 | WARN | repo=a4m36jee-2014-security-seminar | action=commit
2025-11-22 09:54:00 | WARN | repo=a4m36jee-2014-security-seminar | action=commit
2025-02-17 10:24:00 | INFO | repo=a4m36jee-2014-security-seminar | action=edit | files=5
2025-06-17 16:52:00 | DEBUG | repo=a4m36jee-2014-security-seminar | action=test | passed=true
2025-06-20 19:37:00 | INFO | repo=a4m36jee-2014-security-seminar | action=commit
2025-05-04 21:58:00 | INFO | repo=a4m36jee-2014-security-seminar | action=commit
2025-08-14 20:16:00 | WARN | repo=a4m36jee-2014-security-seminar | action=commit
2025-05-16 11:21:00 | WARN | repo=a4m36jee-2014-security-seminar | action=commit
2025-11-16 13:37:00 | INFO | repo=a4m36jee-2014-security-seminar | action=pull
2025-11-14 11:17:00 | INFO | repo=a4m36jee-2014-security-seminar | action=commit
2025-07-20 20:15:00 | INFO | repo=a4m36jee-2014-security-seminar | action=commit
2025-03-27 07:17:00 | DEBUG | repo=a4m36jee-2014-security-seminar | action=commit
2025-09-01 14:19:00 | INFO | repo=a4m36jee-2014-security-seminar | action=commit
2025-04-23 18:22:00 | DEBUG | repo=a4m36jee-2014-security-seminar | action=pull
2025-01-21 10:06:00 | DEBUG | repo=a4m36jee-2014-security-seminar | action=commit
2025-07-22 07:54:00 | INFO | repo=a4m36jee-2014-security-seminar | action=commit
2025-09-17 09:26:00 | DEBUG | repo=a4m36jee-2014-security-seminar | action=commit
2025-01-18 21:12:00 | DEBUG | repo=a4m36jee-2014-security-seminar | action=commit
2025-11-26 20:48:00 | DEBUG | repo=a4m36jee-2014-security-seminar | action=test | passed=true
2025-08-07 15:49:00 | WARN | repo=a4m36jee-2014-security-seminar | action=pull
2025-06-26 09:00:00 | INFO | repo=a4m36jee-2014-security-seminar | action=commit
2025-09-18 07:08:00 | DEBUG | repo=a4m36jee-2014-security-seminar | action=commit
2025-07-25 08:34:00 | DEBUG | repo=a4m36jee-2014-security-seminar | action=commit
2025-09-06 17:07:00 | INFO | repo=a4m36jee-2014-security-seminar | action=commit
2025-09-17 19:13:00 | DEBUG | repo=a4m36jee-2014-security-seminar | action=commit
2025-11-28 07:46:00 | DEBUG | repo=a4m36jee-2014-security-seminar | action=pull
2025-02-26 07:40:00 | INFO | repo=a4m36jee-2014-security-seminar | action=commit
2025-10-22 13:54:00 | WARN | repo=a4m36jee-2014-security-seminar | action=commit
2025-01-16 10:31:00 | WARN | repo=a4m36jee-2014-security-seminar | action=commit
2025-12-11 08:30:00 | WARN | repo=a4m36jee-2014-security-seminar | action=commit
2025-01-06 11:29:00 | INFO | repo=a4m36jee-2014-security-seminar | action=commit
2025-02-01 21:30:00 | WARN | repo=a4m36jee-2014-security-seminar | action=edit | files=3
2025-04-13 09:21:00 | INFO | repo=a4m36jee-2014-security-seminar | action=pull
2025-07-24 12:36:00 | DEBUG | repo=a4m36jee-2014-security-seminar | action=commit
2025-06-11 12:11:00 | WARN | repo=a4m36jee-2014-security-seminar | action=commit
2025-12-23 07:24:00 | DEBUG | repo=a4m36jee-2014-security-seminar | action=edit | files=2
2025-04-09 18:50:00 | INFO | repo=a4m36jee-2014-security-seminar | action=test | passed=true
2025-12-17 21:56:00 | INFO | repo=a4m36jee-2014-security-seminar | action=commit
2025-06-04 19:08:00 | INFO | repo=a4m36jee-2014-security-seminar | action=commit
2025-10-20 21:26:00 | DEBUG | repo=a4m36jee-2014-security-seminar | action=test | passed=true
2025-11-26 10:56:00 | WARN | repo=a4m36jee-2014-security-seminar | action=edit | files=3
2025-03-02 08:41:00 | INFO | repo=a4m36jee-2014-security-seminar | action=edit | files=4
2025-04-03 07:54:00 | WARN | repo=a4m36jee-2014-security-seminar | action=commit
2025-10-25 19:30:00 | INFO | repo=a4m36jee-2014-security-seminar | action=pull
2025-06-24 18:42:00 | DEBUG | repo=a4m36jee-2014-security-seminar | action=commit
2025-06-10 20:06:00 | INFO | repo=a4m36jee-2014-security-seminar | action=commit
2025-08-21 16:13:00 | WARN | repo=a4m36jee-2014-security-seminar | action=commit
2025-11-16 11:22:00 | INFO | repo=a4m36jee-2014-security-seminar | action=commit
2025-04-08 21:01:00 | DEBUG | repo=a4m36jee-2014-security-seminar | action=test | passed=true
2025-07-28 20:44:00 | INFO | repo=a4m36jee-2014-security-seminar | action=commit
2025-04-20 07:51:00 | DEBUG | repo=a4m36jee-2014-security-seminar | action=test | passed=true
2025-11-26 15:46:00 | WARN | repo=a4m36jee-2014-security-seminar | action=commit
2025-01-25 16:12:00 | INFO | repo=a4m36jee-2014-security-seminar | action=commit
2025-07-20 20:30:00 | WARN | repo=a4m36jee-2014-security-seminar | action=pull
2025-04-17 14:23:00 | INFO | repo=a4m36jee-2014-security-seminar | action=edit | files=3
2025-04-11 14:12:00 | DEBUG | repo=a4m36jee-2014-security-seminar | action=commit
2025-03-28 21:19:00 | DEBUG | repo=a4m36jee-2014-security-seminar | action=commit
2025-09-12 12:12:00 | INFO | repo=a4m36jee-2014-security-seminar | action=commit
2025-11-27 12:04:00 | INFO | repo=a4m36jee-2014-security-seminar | action=commit
2025-06-17 12:15:00 | INFO | repo=a4m36jee-2014-security-seminar | action=commit
2025-11-02 15:07:00 | WARN | repo=a4m36jee-2014-security-seminar | action=test | passed=true
2025-02-22 15:45:00 | WARN | repo=a4m36jee-2014-security-seminar | action=commit
2025-08-01 12:04:00 | INFO | repo=a4m36jee-2014-security-seminar | action=commit
2025-11-01 07:02:00 | WARN | repo=a4m36jee-2014-security-seminar | action=commit
2025-02-27 13:46:00 | INFO | repo=a4m36jee-2014-security-seminar | action=edit | files=1
2025-07-06 15:54:00 | WARN | repo=a4m36jee-2014-security-seminar | action=commit
2025-04-17 10:26:00 | DEBUG | repo=a4m36jee-2014-security-seminar | action=commit
2025-07-25 14:54:00 | WARN | repo=a4m36jee-2014-security-seminar | action=commit
2025-09-03 20:41:00 | WARN | repo=a4m36jee-2014-security-seminar | action=commit
2025-06-04 10:45:00 | WARN | repo=a4m36jee-2014-security-seminar | action=edit | files=5
2025-03-22 08:56:00 | WARN | repo=a4m36jee-2014-security-seminar | action=commit
2025-06-18 10:37:00 | WARN | repo=a4m36jee-2014-security-seminar | action=commit
2025-12-11 10:43:00 | INFO | repo=a4m36jee-2014-security-seminar | action=test | passed=true
2025-04-06 07:07:00 | INFO | repo=a4m36jee-2014-security-seminar | action=commit
2025-10-14 08:26:00 | DEBUG | repo=a4m36jee-2014-security-seminar | action=edit | files=4
2025-09-28 20:15:00 | WARN | repo=a4m36jee-2014-security-seminar | action=commit
2025-09-02 10:39:00 | INFO | repo=a4m36jee-2014-security-seminar | action=edit | files=4
2025-05-03 08:21:00 | DEBUG | repo=a4m36jee-2014-security-seminar | action=test | passed=true
2025-10-16 09:40:00 | INFO | repo=a4m36jee-2014-security-seminar | action=test | passed=true
2025-01-12 07:31:00 | INFO | repo=a4m36jee-2014-security-seminar | action=edit | files=4
2025-03-18 12:52:00 | DEBUG | repo=a4m36jee-2014-security-seminar | action=commit
2025-10-13 10:52:00 | WARN | repo=a4m36jee-2014-security-seminar | action=commit
2025-04-04 13:36:00 | WARN | repo=a4m36jee-2014-security-seminar | action=commit
2025-08-09 08:03:00 | WARN | repo=a4m36jee-2014-security-seminar | action=test | passed=true
2025-08-25 12:48:00 | WARN | repo=a4m36jee-2014-security-seminar | action=test | passed=true
2025-06-13 08:40:00 | WARN | repo=a4m36jee-2014-security-seminar | action=test | passed=true
2025-07-08 20:31:00 | DEBUG | repo=a4m36jee-2014-security-seminar | action=edit | files=1
2025-12-10 09:31:00 | WARN | repo=a4m36jee-2014-security-seminar | action=commit
2025-01-11 13:32:00 | DEBUG | repo=a4m36jee-2014-security-seminar | action=commit
2025-10-27 19:58:00 | INFO | repo=a4m36jee-2014-security-seminar | action=commit
2025-05-10 19:14:00 | WARN | repo=a4m36jee-2014-security-seminar | action=edit | files=4
2025-12-16 18:22:00 | INFO | repo=a4m36jee-2014-security-seminar | action=commit
2025-11-09 21:18:00 | INFO | repo=a4m36jee-2014-security-seminar | action=test | passed=true
2025-10-22 21:53:00 | INFO | repo=a4m36jee-2014-security-seminar | action=test | passed=true
2025-09-26 21:05:00 | WARN | repo=a4m36jee-2014-security-seminar | action=commit
2025-10-18 20:00:00 | INFO | repo=a4m36jee-2014-security-seminar | action=commit
2025-11-18 19:51:00 | DEBUG | repo=a4m36jee-2014-security-seminar | action=commit
2025-02-05 11:15:00 | INFO | repo=a4m36jee-2014-security-seminar | action=pull
2025-02-25 09:53:00 | INFO | repo=a4m36jee-2014-security-seminar | action=edit | files=1
2025-12-17 13:37:00 | WARN | repo=a4m36jee-2014-security-seminar | action=commit
2025-04-07 19:19:00 | INFO | repo=a4m36jee-2014-security-seminar | action=commit
2025-11-17 20:01:00 | WARN | repo=a4m36jee-2014-security-seminar | action=pull
2025-06-05 19:16:00 | DEBUG | repo=a4m36jee-2014-security-seminar | action=edit | files=1
2025-07-26 19:45:00 | DEBUG | repo=a4m36jee-2014-security-seminar | action=commit
2025-04-22 13:00:00 | INFO | repo=a4m36jee-2014-security-seminar | action=commit
